--
-- Delete the extension and server
--
DROP SERVER kv_server;
DROP SERVER
DROP EXTENSION kv_fdw;
DROP EXTENSION

\c postgres
You are now connected to database "postgres" as user "postgres".
DROP DATABASE kvtest;
DROP DATABASE
